
> @ekaloka/frontend@0.1.0 test
> jest

node.exe :  ΓÜá Warning: Next.js inferred your workspace root, but it may not be correct.
At C:\nvm4w\nodejs\npm.ps1:16 char:5
+     & "$basedir/node$exe"  "$basedir/node_modules/npm/bin/npm-cli.js" ...
+     ~~~~~~~~~~~~~~~~~~~~~~~~~~~~~~~~~~~~~~~~~~~~~~~~~~~~~~~~~~~~~~~~~
    + CategoryInfo          : NotSpecified: ( ΓÜá Warning: N...not be correct.:String) [], RemoteE 
   xception
    + FullyQualifiedErrorId : NativeCommandError
 
 We detected multiple lockfiles and selected the directory of C:\Users\ihanl\package-lock.json as 
the root directory.
 To silence this warning, set `outputFileTracingRoot` in your Next.js config, or consider removing 
one of the lockfiles if it's not needed.
   See https://nextjs.org/docs/app/api-reference/config/next-config-js/output#caveats for more 
information.
 Detected additional lockfiles: 
   * C:\Users\ihanl\OneDrive\Desktop\Parttime-work\Ekaloka\package-lock.json

PASS tests/unit/asyncHandler.test.ts (6.865 s)
  ΓùÅ Console

    console.warn
      Primary operation failed, trying fallback: Error: Primary failed
          at Object.<anonymous> 
(C:\Users\ihanl\OneDrive\Desktop\Parttime-work\Ekaloka\tests\unit\asyncHandler.test.ts:265:51)
          at Promise.then.completed (C:\Users\ihanl\OneDrive\Desktop\Parttime-work\Ekaloka\node_mod
ules\jest-circus\build\utils.js:298:28)
          at new Promise (<anonymous>)
          at callAsyncCircusFn (C:\Users\ihanl\OneDrive\Desktop\Parttime-work\Ekaloka\node_modules\
jest-circus\build\utils.js:231:10)
          at _callCircusTest (C:\Users\ihanl\OneDrive\Desktop\Parttime-work\Ekaloka\node_modules\je
st-circus\build\run.js:316:40)
          at processTicksAndRejections (node:internal/process/task_queues:105:5)
          at _runTest 
(C:\Users\ihanl\OneDrive\Desktop\Parttime-work\Ekaloka\node_modules\jest-circus\build\run.js:252:3)
          at _runTestsForDescribeBlock 
(C:\Users\ihanl\OneDrive\Desktop\Parttime-work\Ekaloka\node_modules\jest-circus\build\run.js:126:9)
          at _runTestsForDescribeBlock 
(C:\Users\ihanl\OneDrive\Desktop\Parttime-work\Ekaloka\node_modules\jest-circus\build\run.js:121:9)
          at _runTestsForDescribeBlock 
(C:\Users\ihanl\OneDrive\Desktop\Parttime-work\Ekaloka\node_modules\jest-circus\build\run.js:121:9)
          at run 
(C:\Users\ihanl\OneDrive\Desktop\Parttime-work\Ekaloka\node_modules\jest-circus\build\run.js:71:3)
          at runAndTransformResultsToJestFormat (C:\Users\ihanl\OneDrive\Desktop\Parttime-work\Ekal
oka\node_modules\jest-circus\build\legacy-code-todo-rewrite\jestAdapterInit.js:122:21)
          at jestAdapter (C:\Users\ihanl\OneDrive\Desktop\Parttime-work\Ekaloka\node_modules\jest-c
ircus\build\legacy-code-todo-rewrite\jestAdapter.js:79:19)
          at runTestInternal (C:\Users\ihanl\OneDrive\Desktop\Parttime-work\Ekaloka\node_modules\je
st-runner\build\runTest.js:367:16)
          at runTest (C:\Users\ihanl\OneDrive\Desktop\Parttime-work\Ekaloka\node_modules\jest-runne
r\build\runTest.js:444:34)
          at Object.worker (C:\Users\ihanl\OneDrive\Desktop\Parttime-work\Ekaloka\node_modules\jest
-runner\build\testWorker.js:106:12)

    [0m [90m 115 |[39m       [36mreturn[39m
     [90m 116 |[39m     }
    [31m[1m>[22m[39m[90m 117 |[39m     originalConsoleWarn[33m.[39mcall(console[33m,[39m 
[33m...[39margs)
     [90m     |[39m                         [31m[1m^[22m[39m
     [90m 118 |[39m   }
     [90m 119 |[39m })
     [90m 120 |[39m[0m

      at console.call (jest.setup.js:117:25)
      at warn (src/lib/asyncHandler.ts:219:13)
      at Object.<anonymous> (tests/unit/asyncHandler.test.ts:268:22)

    console.warn
      Primary operation failed, trying fallback: Error: Primary failed
          at Object.<anonymous> 
(C:\Users\ihanl\OneDrive\Desktop\Parttime-work\Ekaloka\tests\unit\asyncHandler.test.ts:276:51)
          at Promise.then.completed (C:\Users\ihanl\OneDrive\Desktop\Parttime-work\Ekaloka\node_mod
ules\jest-circus\build\utils.js:298:28)
          at new Promise (<anonymous>)
          at callAsyncCircusFn (C:\Users\ihanl\OneDrive\Desktop\Parttime-work\Ekaloka\node_modules\
jest-circus\build\utils.js:231:10)
          at _callCircusTest (C:\Users\ihanl\OneDrive\Desktop\Parttime-work\Ekaloka\node_modules\je
st-circus\build\run.js:316:40)
          at processTicksAndRejections (node:internal/process/task_queues:105:5)
          at _runTest 
(C:\Users\ihanl\OneDrive\Desktop\Parttime-work\Ekaloka\node_modules\jest-circus\build\run.js:252:3)
          at _runTestsForDescribeBlock 
(C:\Users\ihanl\OneDrive\Desktop\Parttime-work\Ekaloka\node_modules\jest-circus\build\run.js:126:9)
          at _runTestsForDescribeBlock 
(C:\Users\ihanl\OneDrive\Desktop\Parttime-work\Ekaloka\node_modules\jest-circus\build\run.js:121:9)
          at _runTestsForDescribeBlock 
(C:\Users\ihanl\OneDrive\Desktop\Parttime-work\Ekaloka\node_modules\jest-circus\build\run.js:121:9)
          at run 
(C:\Users\ihanl\OneDrive\Desktop\Parttime-work\Ekaloka\node_modules\jest-circus\build\run.js:71:3)
          at runAndTransformResultsToJestFormat (C:\Users\ihanl\OneDrive\Desktop\Parttime-work\Ekal
oka\node_modules\jest-circus\build\legacy-code-todo-rewrite\jestAdapterInit.js:122:21)
          at jestAdapter (C:\Users\ihanl\OneDrive\Desktop\Parttime-work\Ekaloka\node_modules\jest-c
ircus\build\legacy-code-todo-rewrite\jestAdapter.js:79:19)
          at runTestInternal (C:\Users\ihanl\OneDrive\Desktop\Parttime-work\Ekaloka\node_modules\je
st-runner\build\runTest.js:367:16)
          at runTest (C:\Users\ihanl\OneDrive\Desktop\Parttime-work\Ekaloka\node_modules\jest-runne
r\build\runTest.js:444:34)
          at Object.worker (C:\Users\ihanl\OneDrive\Desktop\Parttime-work\Ekaloka\node_modules\jest
-runner\build\testWorker.js:106:12)

    [0m [90m 115 |[39m       [36mreturn[39m
     [90m 116 |[39m     }
    [31m[1m>[22m[39m[90m 117 |[39m     originalConsoleWarn[33m.[39mcall(console[33m,[39m 
[33m...[39margs)
     [90m     |[39m                         [31m[1m^[22m[39m
     [90m 118 |[39m   }
     [90m 119 |[39m })
     [90m 120 |[39m[0m

      at console.call (jest.setup.js:117:25)
      at warn (src/lib/asyncHandler.ts:219:13)
      at Object.<anonymous> (tests/unit/asyncHandler.test.ts:279:7)

    console.error
      Both primary and fallback operations failed: {
        primary: Error: Primary failed
            at Object.<anonymous> 
(C:\Users\ihanl\OneDrive\Desktop\Parttime-work\Ekaloka\tests\unit\asyncHandler.test.ts:276:51)
            at Promise.then.completed (C:\Users\ihanl\OneDrive\Desktop\Parttime-work\Ekaloka\node_m
odules\jest-circus\build\utils.js:298:28)
            at new Promise (<anonymous>)
            at callAsyncCircusFn (C:\Users\ihanl\OneDrive\Desktop\Parttime-work\Ekaloka\node_module
s\jest-circus\build\utils.js:231:10)
            at _callCircusTest (C:\Users\ihanl\OneDrive\Desktop\Parttime-work\Ekaloka\node_modules\
jest-circus\build\run.js:316:40)
            at processTicksAndRejections (node:internal/process/task_queues:105:5)
            at _runTest 
(C:\Users\ihanl\OneDrive\Desktop\Parttime-work\Ekaloka\node_modules\jest-circus\build\run.js:252:3)
            at _runTestsForDescribeBlock 
(C:\Users\ihanl\OneDrive\Desktop\Parttime-work\Ekaloka\node_modules\jest-circus\build\run.js:126:9)
            at _runTestsForDescribeBlock 
(C:\Users\ihanl\OneDrive\Desktop\Parttime-work\Ekaloka\node_modules\jest-circus\build\run.js:121:9)
            at _runTestsForDescribeBlock 
(C:\Users\ihanl\OneDrive\Desktop\Parttime-work\Ekaloka\node_modules\jest-circus\build\run.js:121:9)
            at run 
(C:\Users\ihanl\OneDrive\Desktop\Parttime-work\Ekaloka\node_modules\jest-circus\build\run.js:71:3)
            at runAndTransformResultsToJestFormat (C:\Users\ihanl\OneDrive\Desktop\Parttime-work\Ek
aloka\node_modules\jest-circus\build\legacy-code-todo-rewrite\jestAdapterInit.js:122:21)
            at jestAdapter (C:\Users\ihanl\OneDrive\Desktop\Parttime-work\Ekaloka\node_modules\jest
-circus\build\legacy-code-todo-rewrite\jestAdapter.js:79:19)
            at runTestInternal (C:\Users\ihanl\OneDrive\Desktop\Parttime-work\Ekaloka\node_modules\
jest-runner\build\runTest.js:367:16)
            at runTest (C:\Users\ihanl\OneDrive\Desktop\Parttime-work\Ekaloka\node_modules\jest-run
ner\build\runTest.js:444:34)
            at Object.worker (C:\Users\ihanl\OneDrive\Desktop\Parttime-work\Ekaloka\node_modules\je
st-runner\build\testWorker.js:106:12),
        fallback: Error: Fallback failed
            at Object.<anonymous> 
(C:\Users\ihanl\OneDrive\Desktop\Parttime-work\Ekaloka\tests\unit\asyncHandler.test.ts:277:52)
            at Promise.then.completed (C:\Users\ihanl\OneDrive\Desktop\Parttime-work\Ekaloka\node_m
odules\jest-circus\build\utils.js:298:28)
            at new Promise (<anonymous>)
            at callAsyncCircusFn (C:\Users\ihanl\OneDrive\Desktop\Parttime-work\Ekaloka\node_module
s\jest-circus\build\utils.js:231:10)
            at _callCircusTest (C:\Users\ihanl\OneDrive\Desktop\Parttime-work\Ekaloka\node_modules\
jest-circus\build\run.js:316:40)
            at processTicksAndRejections (node:internal/process/task_queues:105:5)
            at _runTest 
(C:\Users\ihanl\OneDrive\Desktop\Parttime-work\Ekaloka\node_modules\jest-circus\build\run.js:252:3)
            at _runTestsForDescribeBlock 
(C:\Users\ihanl\OneDrive\Desktop\Parttime-work\Ekaloka\node_modules\jest-circus\build\run.js:126:9)
            at _runTestsForDescribeBlock 
(C:\Users\ihanl\OneDrive\Desktop\Parttime-work\Ekaloka\node_modules\jest-circus\build\run.js:121:9)
            at _runTestsForDescribeBlock 
(C:\Users\ihanl\OneDrive\Desktop\Parttime-work\Ekaloka\node_modules\jest-circus\build\run.js:121:9)
            at run 
(C:\Users\ihanl\OneDrive\Desktop\Parttime-work\Ekaloka\node_modules\jest-circus\build\run.js:71:3)
            at runAndTransformResultsToJestFormat (C:\Users\ihanl\OneDrive\Desktop\Parttime-work\Ek
aloka\node_modules\jest-circus\build\legacy-code-todo-rewrite\jestAdapterInit.js:122:21)
            at jestAdapter (C:\Users\ihanl\OneDrive\Desktop\Parttime-work\Ekaloka\node_modules\jest
-circus\build\legacy-code-todo-rewrite\jestAdapter.js:79:19)
            at runTestInternal (C:\Users\ihanl\OneDrive\Desktop\Parttime-work\Ekaloka\node_modules\
jest-runner\build\runTest.js:367:16)
            at runTest (C:\Users\ihanl\OneDrive\Desktop\Parttime-work\Ekaloka\node_modules\jest-run
ner\build\runTest.js:444:34)
            at Object.worker (C:\Users\ihanl\OneDrive\Desktop\Parttime-work\Ekaloka\node_modules\je
st-runner\build\testWorker.js:106:12)
      }

    [0m [90m 104 |[39m       [36mreturn[39m
     [90m 105 |[39m     }
    [31m[1m>[22m[39m[90m 106 |[39m     
originalConsoleError[33m.[39mcall(console[33m,[39m [33m...[39margs)
     [90m     |[39m                          [31m[1m^[22m[39m
     [90m 107 |[39m   }
     [90m 108 |[39m   
     [90m 109 |[39m   console[33m.[39mwarn [33m=[39m ([33m...[39margs) [33m=>[39m {[0m

      at console.call [as error] (jest.setup.js:106:26)
      at error (src/lib/asyncHandler.ts:223:15)
      at Object.<anonymous> (tests/unit/asyncHandler.test.ts:279:7)

    console.error
      Operation 1 failed: Error: Operation 2 failed
          at Object.<anonymous> 
(C:\Users\ihanl\OneDrive\Desktop\Parttime-work\Ekaloka\tests\unit\asyncHandler.test.ts:375:37)
          at Promise.then.completed (C:\Users\ihanl\OneDrive\Desktop\Parttime-work\Ekaloka\node_mod
ules\jest-circus\build\utils.js:298:28)
          at new Promise (<anonymous>)
          at callAsyncCircusFn (C:\Users\ihanl\OneDrive\Desktop\Parttime-work\Ekaloka\node_modules\
jest-circus\build\utils.js:231:10)
          at _callCircusTest (C:\Users\ihanl\OneDrive\Desktop\Parttime-work\Ekaloka\node_modules\je
st-circus\build\run.js:316:40)
          at processTicksAndRejections (node:internal/process/task_queues:105:5)
          at _runTest 
(C:\Users\ihanl\OneDrive\Desktop\Parttime-work\Ekaloka\node_modules\jest-circus\build\run.js:252:3)
          at _runTestsForDescribeBlock 
(C:\Users\ihanl\OneDrive\Desktop\Parttime-work\Ekaloka\node_modules\jest-circus\build\run.js:126:9)
          at _runTestsForDescribeBlock 
(C:\Users\ihanl\OneDrive\Desktop\Parttime-work\Ekaloka\node_modules\jest-circus\build\run.js:121:9)
          at _runTestsForDescribeBlock 
(C:\Users\ihanl\OneDrive\Desktop\Parttime-work\Ekaloka\node_modules\jest-circus\build\run.js:121:9)
          at run 
(C:\Users\ihanl\OneDrive\Desktop\Parttime-work\Ekaloka\node_modules\jest-circus\build\run.js:71:3)
          at runAndTransformResultsToJestFormat (C:\Users\ihanl\OneDrive\Desktop\Parttime-work\Ekal
oka\node_modules\jest-circus\build\legacy-code-todo-rewrite\jestAdapterInit.js:122:21)
          at jestAdapter (C:\Users\ihanl\OneDrive\Desktop\Parttime-work\Ekaloka\node_modules\jest-c
ircus\build\legacy-code-todo-rewrite\jestAdapter.js:79:19)
          at runTestInternal (C:\Users\ihanl\OneDrive\Desktop\Parttime-work\Ekaloka\node_modules\je
st-runner\build\runTest.js:367:16)
          at runTest (C:\Users\ihanl\OneDrive\Desktop\Parttime-work\Ekaloka\node_modules\jest-runne
r\build\runTest.js:444:34)
          at Object.worker (C:\Users\ihanl\OneDrive\Desktop\Parttime-work\Ekaloka\node_modules\jest
-runner\build\testWorker.js:106:12)

    [0m [90m 104 |[39m       [36mreturn[39m
     [90m 105 |[39m     }
    [31m[1m>[22m[39m[90m 106 |[39m     
originalConsoleError[33m.[39mcall(console[33m,[39m [33m...[39margs)
     [90m     |[39m                          [31m[1m^[22m[39m
     [90m 107 |[39m   }
     [90m 108 |[39m   
     [90m 109 |[39m   console[33m.[39mwarn [33m=[39m ([33m...[39margs) [33m=>[39m {[0m

      at console.call [as error] (jest.setup.js:106:26)
      at error (src/lib/asyncHandler.ts:277:17)
          at async Promise.all (index 1)
      at batchExecute (src/lib/asyncHandler.ts:292:3)
      at Object.<anonymous> (tests/unit/asyncHandler.test.ts:379:7)

FAIL tests/unit/auth.server.test.ts
  ΓùÅ Test suite failed to run

    Cannot find module 'bcrypt' from 'tests/unit/auth.server.test.ts'

    [0m [90m 13 |[39m
     [90m 14 |[39m [90m// Mock bcrypt[39m
    [31m[1m>[22m[39m[90m 15 |[39m jest[33m.[39mmock([32m'bcrypt'[39m[33m,[39m () 
[33m=>[39m ({
     [90m    |[39m      [31m[1m^[22m[39m
     [90m 16 |[39m   compare[33m:[39m jest[33m.[39mfn()
     [90m 17 |[39m }))
     [90m 18 |[39m[0m

      at Resolver._throwModNotFoundError (node_modules/jest-resolve/build/resolver.js:427:11)
      at Object.mock (tests/unit/auth.server.test.ts:15:6)

PASS tests/unit/errors.test.ts (6.844 s)
PASS tests/unit/validation.test.ts (6.823 s)
FAIL tests/unit/errorHandler.test.ts (6.924 s)
  ΓùÅ Console

    console.error
      [ERROR] API Error occurred {
        error: 'Invalid input',
        stack: 'ValidationError: Invalid input\n' +
          '    at new ValidationError 
(C:\\Users\\ihanl\\OneDrive\\Desktop\\Parttime-work\\Ekaloka\\src\\types\\errors.ts:49:5)\n' +
          '    at Object.<anonymous> (C:\\Users\\ihanl\\OneDrive\\Desktop\\Parttime-work\\Ekaloka\\
tests\\unit\\errorHandler.test.ts:65:21)\n' +
          '    at Promise.then.completed (C:\\Users\\ihanl\\OneDrive\\Desktop\\Parttime-work\\Ekalo
ka\\node_modules\\jest-circus\\build\\utils.js:298:28)\n' +
          '    at new Promise (<anonymous>)\n' +
          '    at callAsyncCircusFn (C:\\Users\\ihanl\\OneDrive\\Desktop\\Parttime-work\\Ekaloka\\n
ode_modules\\jest-circus\\build\\utils.js:231:10)\n' +
          '    at _callCircusTest (C:\\Users\\ihanl\\OneDrive\\Desktop\\Parttime-work\\Ekaloka\\nod
e_modules\\jest-circus\\build\\run.js:316:40)\n' +
          '    at processTicksAndRejections (node:internal/process/task_queues:105:5)\n' +
          '    at _runTest (C:\\Users\\ihanl\\OneDrive\\Desktop\\Parttime-work\\Ekaloka\\node_modul
es\\jest-circus\\build\\run.js:252:3)\n' +
          '    at _runTestsForDescribeBlock (C:\\Users\\ihanl\\OneDrive\\Desktop\\Parttime-work\\Ek
aloka\\node_modules\\jest-circus\\build\\run.js:126:9)\n' +
          '    at _runTestsForDescribeBlock (C:\\Users\\ihanl\\OneDrive\\Desktop\\Parttime-work\\Ek
aloka\\node_modules\\jest-circus\\build\\run.js:121:9)\n' +
          '    at _runTestsForDescribeBlock (C:\\Users\\ihanl\\OneDrive\\Desktop\\Parttime-work\\Ek
aloka\\node_modules\\jest-circus\\build\\run.js:121:9)\n' +
          '    at run (C:\\Users\\ihanl\\OneDrive\\Desktop\\Parttime-work\\Ekaloka\\node_modules\\j
est-circus\\build\\run.js:71:3)\n' +
          '    at runAndTransformResultsToJestFormat (C:\\Users\\ihanl\\OneDrive\\Desktop\\Parttime
-work\\Ekaloka\\node_modules\\jest-circus\\build\\legacy-code-todo-rewrite\\jestAdapterInit.js:122:
21)\n' +
          '    at jestAdapter (C:\\Users\\ihanl\\OneDrive\\Desktop\\Parttime-work\\Ekaloka\\node_mo
dules\\jest-circus\\build\\legacy-code-todo-rewrite\\jestAdapter.js:79:19)\n' +
          '    at runTestInternal (C:\\Users\\ihanl\\OneDrive\\Desktop\\Parttime-work\\Ekaloka\\nod
e_modules\\jest-runner\\build\\runTest.js:367:16)\n' +
          '    at runTest (C:\\Users\\ihanl\\OneDrive\\Desktop\\Parttime-work\\Ekaloka\\node_module
s\\jest-runner\\build\\runTest.js:444:34)\n' +
          '    at Object.worker (C:\\Users\\ihanl\\OneDrive\\Desktop\\Parttime-work\\Ekaloka\\node_
modules\\jest-runner\\build\\testWorker.js:106:12)',
        statusCode: 400,
        code: 'VALIDATION_ERROR',
        path: '/api/test',
        method: 'POST',
        userAgent: 'test-agent',
        ip: '127.0.0.1'
      }

    [0m [90m 104 |[39m       [36mreturn[39m
     [90m 105 |[39m     }
    [31m[1m>[22m[39m[90m 106 |[39m     
originalConsoleError[33m.[39mcall(console[33m,[39m [33m...[39margs)
     [90m     |[39m                          [31m[1m^[22m[39m
     [90m 107 |[39m   }
     [90m 108 |[39m   
     [90m 109 |[39m   console[33m.[39mwarn [33m=[39m ([33m...[39margs) [33m=>[39m {[0m

      at console.call [as error] (jest.setup.js:106:26)
      at Object.error (src/lib/errorHandler.ts:31:13)
      at error (src/lib/errorHandler.ts:109:10)
      at Object.<anonymous> (tests/unit/errorHandler.test.ts:66:36)

    console.error
      [ERROR] API Error occurred {
        error: 'Validation failed',
        stack: 'ValidationError: Validation failed\n' +
          '    at Object.<anonymous> (C:\\Users\\ihanl\\OneDrive\\Desktop\\Parttime-work\\Ekaloka\\
tests\\unit\\errorHandler.test.ts:78:21)\n' +
          '    at Promise.then.completed (C:\\Users\\ihanl\\OneDrive\\Desktop\\Parttime-work\\Ekalo
ka\\node_modules\\jest-circus\\build\\utils.js:298:28)\n' +
          '    at new Promise (<anonymous>)\n' +
          '    at callAsyncCircusFn (C:\\Users\\ihanl\\OneDrive\\Desktop\\Parttime-work\\Ekaloka\\n
ode_modules\\jest-circus\\build\\utils.js:231:10)\n' +
          '    at _callCircusTest (C:\\Users\\ihanl\\OneDrive\\Desktop\\Parttime-work\\Ekaloka\\nod
e_modules\\jest-circus\\build\\run.js:316:40)\n' +
          '    at processTicksAndRejections (node:internal/process/task_queues:105:5)\n' +
          '    at _runTest (C:\\Users\\ihanl\\OneDrive\\Desktop\\Parttime-work\\Ekaloka\\node_modul
es\\jest-circus\\build\\run.js:252:3)\n' +
          '    at _runTestsForDescribeBlock (C:\\Users\\ihanl\\OneDrive\\Desktop\\Parttime-work\\Ek
aloka\\node_modules\\jest-circus\\build\\run.js:126:9)\n' +
          '    at _runTestsForDescribeBlock (C:\\Users\\ihanl\\OneDrive\\Desktop\\Parttime-work\\Ek
aloka\\node_modules\\jest-circus\\build\\run.js:121:9)\n' +
          '    at _runTestsForDescribeBlock (C:\\Users\\ihanl\\OneDrive\\Desktop\\Parttime-work\\Ek
aloka\\node_modules\\jest-circus\\build\\run.js:121:9)\n' +
          '    at run (C:\\Users\\ihanl\\OneDrive\\Desktop\\Parttime-work\\Ekaloka\\node_modules\\j
est-circus\\build\\run.js:71:3)\n' +
          '    at runAndTransformResultsToJestFormat (C:\\Users\\ihanl\\OneDrive\\Desktop\\Parttime
-work\\Ekaloka\\node_modules\\jest-circus\\build\\legacy-code-todo-rewrite\\jestAdapterInit.js:122:
21)\n' +
          '    at jestAdapter (C:\\Users\\ihanl\\OneDrive\\Desktop\\Parttime-work\\Ekaloka\\node_mo
dules\\jest-circus\\build\\legacy-code-todo-rewrite\\jestAdapter.js:79:19)\n' +
          '    at runTestInternal (C:\\Users\\ihanl\\OneDrive\\Desktop\\Parttime-work\\Ekaloka\\nod
e_modules\\jest-runner\\build\\runTest.js:367:16)\n' +
          '    at runTest (C:\\Users\\ihanl\\OneDrive\\Desktop\\Parttime-work\\Ekaloka\\node_module
s\\jest-runner\\build\\runTest.js:444:34)\n' +
          '    at Object.worker (C:\\Users\\ihanl\\OneDrive\\Desktop\\Parttime-work\\Ekaloka\\node_
modules\\jest-runner\\build\\testWorker.js:106:12)',
        statusCode: 400,
        code: 'VALIDATION_ERROR',
        path: '/api/test',
        method: 'POST',
        userAgent: 'test-agent',
        ip: '127.0.0.1'
      }

    [0m [90m 104 |[39m       [36mreturn[39m
     [90m 105 |[39m     }
    [31m[1m>[22m[39m[90m 106 |[39m     
originalConsoleError[33m.[39mcall(console[33m,[39m [33m...[39margs)
     [90m     |[39m                          [31m[1m^[22m[39m
     [90m 107 |[39m   }
     [90m 108 |[39m   
     [90m 109 |[39m   console[33m.[39mwarn [33m=[39m ([33m...[39margs) [33m=>[39m {[0m

      at console.call [as error] (jest.setup.js:106:26)
      at Object.error (src/lib/errorHandler.ts:31:13)
      at error (src/lib/errorHandler.ts:109:10)
      at Object.<anonymous> (tests/unit/errorHandler.test.ts:81:36)

    console.error
      [ERROR] API Error occurred {
        error: 'Invalid token',
        stack: 'JsonWebTokenError: Invalid token\n' +
          '    at Object.<anonymous> (C:\\Users\\ihanl\\OneDrive\\Desktop\\Parttime-work\\Ekaloka\\
tests\\unit\\errorHandler.test.ts:88:21)\n' +
          '    at Promise.then.completed (C:\\Users\\ihanl\\OneDrive\\Desktop\\Parttime-work\\Ekalo
ka\\node_modules\\jest-circus\\build\\utils.js:298:28)\n' +
          '    at new Promise (<anonymous>)\n' +
          '    at callAsyncCircusFn (C:\\Users\\ihanl\\OneDrive\\Desktop\\Parttime-work\\Ekaloka\\n
ode_modules\\jest-circus\\build\\utils.js:231:10)\n' +
          '    at _callCircusTest (C:\\Users\\ihanl\\OneDrive\\Desktop\\Parttime-work\\Ekaloka\\nod
e_modules\\jest-circus\\build\\run.js:316:40)\n' +
          '    at processTicksAndRejections (node:internal/process/task_queues:105:5)\n' +
          '    at _runTest (C:\\Users\\ihanl\\OneDrive\\Desktop\\Parttime-work\\Ekaloka\\node_modul
es\\jest-circus\\build\\run.js:252:3)\n' +
          '    at _runTestsForDescribeBlock (C:\\Users\\ihanl\\OneDrive\\Desktop\\Parttime-work\\Ek
aloka\\node_modules\\jest-circus\\build\\run.js:126:9)\n' +
          '    at _runTestsForDescribeBlock (C:\\Users\\ihanl\\OneDrive\\Desktop\\Parttime-work\\Ek
aloka\\node_modules\\jest-circus\\build\\run.js:121:9)\n' +
          '    at _runTestsForDescribeBlock (C:\\Users\\ihanl\\OneDrive\\Desktop\\Parttime-work\\Ek
aloka\\node_modules\\jest-circus\\build\\run.js:121:9)\n' +
          '    at run (C:\\Users\\ihanl\\OneDrive\\Desktop\\Parttime-work\\Ekaloka\\node_modules\\j
est-circus\\build\\run.js:71:3)\n' +
          '    at runAndTransformResultsToJestFormat (C:\\Users\\ihanl\\OneDrive\\Desktop\\Parttime
-work\\Ekaloka\\node_modules\\jest-circus\\build\\legacy-code-todo-rewrite\\jestAdapterInit.js:122:
21)\n' +
          '    at jestAdapter (C:\\Users\\ihanl\\OneDrive\\Desktop\\Parttime-work\\Ekaloka\\node_mo
dules\\jest-circus\\build\\legacy-code-todo-rewrite\\jestAdapter.js:79:19)\n' +
          '    at runTestInternal (C:\\Users\\ihanl\\OneDrive\\Desktop\\Parttime-work\\Ekaloka\\nod
e_modules\\jest-runner\\build\\runTest.js:367:16)\n' +
          '    at runTest (C:\\Users\\ihanl\\OneDrive\\Desktop\\Parttime-work\\Ekaloka\\node_module
s\\jest-runner\\build\\runTest.js:444:34)\n' +
          '    at Object.worker (C:\\Users\\ihanl\\OneDrive\\Desktop\\Parttime-work\\Ekaloka\\node_
modules\\jest-runner\\build\\testWorker.js:106:12)',
        statusCode: 401,
        code: 'AUTHENTICATION_ERROR',
        path: '/api/test',
        method: 'POST',
        userAgent: 'test-agent',
        ip: '127.0.0.1'
      }

    [0m [90m 104 |[39m       [36mreturn[39m
     [90m 105 |[39m     }
    [31m[1m>[22m[39m[90m 106 |[39m     
originalConsoleError[33m.[39mcall(console[33m,[39m [33m...[39margs)
     [90m     |[39m                          [31m[1m^[22m[39m
     [90m 107 |[39m   }
     [90m 108 |[39m   
     [90m 109 |[39m   console[33m.[39mwarn [33m=[39m ([33m...[39margs) [33m=>[39m {[0m

      at console.call [as error] (jest.setup.js:106:26)
      at Object.error (src/lib/errorHandler.ts:31:13)
      at error (src/lib/errorHandler.ts:109:10)
      at Object.<anonymous> (tests/unit/errorHandler.test.ts:91:36)

    console.error
      [ERROR] API Error occurred {
        error: 'Token expired',
        stack: 'TokenExpiredError: Token expired\n' +
          '    at Object.<anonymous> (C:\\Users\\ihanl\\OneDrive\\Desktop\\Parttime-work\\Ekaloka\\
tests\\unit\\errorHandler.test.ts:98:21)\n' +
          '    at Promise.then.completed (C:\\Users\\ihanl\\OneDrive\\Desktop\\Parttime-work\\Ekalo
ka\\node_modules\\jest-circus\\build\\utils.js:298:28)\n' +
          '    at new Promise (<anonymous>)\n' +
          '    at callAsyncCircusFn (C:\\Users\\ihanl\\OneDrive\\Desktop\\Parttime-work\\Ekaloka\\n
ode_modules\\jest-circus\\build\\utils.js:231:10)\n' +
          '    at _callCircusTest (C:\\Users\\ihanl\\OneDrive\\Desktop\\Parttime-work\\Ekaloka\\nod
e_modules\\jest-circus\\build\\run.js:316:40)\n' +
          '    at processTicksAndRejections (node:internal/process/task_queues:105:5)\n' +
          '    at _runTest (C:\\Users\\ihanl\\OneDrive\\Desktop\\Parttime-work\\Ekaloka\\node_modul
es\\jest-circus\\build\\run.js:252:3)\n' +
          '    at _runTestsForDescribeBlock (C:\\Users\\ihanl\\OneDrive\\Desktop\\Parttime-work\\Ek
aloka\\node_modules\\jest-circus\\build\\run.js:126:9)\n' +
          '    at _runTestsForDescribeBlock (C:\\Users\\ihanl\\OneDrive\\Desktop\\Parttime-work\\Ek
aloka\\node_modules\\jest-circus\\build\\run.js:121:9)\n' +
          '    at _runTestsForDescribeBlock (C:\\Users\\ihanl\\OneDrive\\Desktop\\Parttime-work\\Ek
aloka\\node_modules\\jest-circus\\build\\run.js:121:9)\n' +
          '    at run (C:\\Users\\ihanl\\OneDrive\\Desktop\\Parttime-work\\Ekaloka\\node_modules\\j
est-circus\\build\\run.js:71:3)\n' +
          '    at runAndTransformResultsToJestFormat (C:\\Users\\ihanl\\OneDrive\\Desktop\\Parttime
-work\\Ekaloka\\node_modules\\jest-circus\\build\\legacy-code-todo-rewrite\\jestAdapterInit.js:122:
21)\n' +
          '    at jestAdapter (C:\\Users\\ihanl\\OneDrive\\Desktop\\Parttime-work\\Ekaloka\\node_mo
dules\\jest-circus\\build\\legacy-code-todo-rewrite\\jestAdapter.js:79:19)\n' +
          '    at runTestInternal (C:\\Users\\ihanl\\OneDrive\\Desktop\\Parttime-work\\Ekaloka\\nod
e_modules\\jest-runner\\build\\runTest.js:367:16)\n' +
          '    at runTest (C:\\Users\\ihanl\\OneDrive\\Desktop\\Parttime-work\\Ekaloka\\node_module
s\\jest-runner\\build\\runTest.js:444:34)\n' +
          '    at Object.worker (C:\\Users\\ihanl\\OneDrive\\Desktop\\Parttime-work\\Ekaloka\\node_
modules\\jest-runner\\build\\testWorker.js:106:12)',
        statusCode: 401,
        code: 'AUTHENTICATION_ERROR',
        path: '/api/test',
        method: 'POST',
        userAgent: 'test-agent',
        ip: '127.0.0.1'
      }

    [0m [90m 104 |[39m       [36mreturn[39m
     [90m 105 |[39m     }
    [31m[1m>[22m[39m[90m 106 |[39m     
originalConsoleError[33m.[39mcall(console[33m,[39m [33m...[39margs)
     [90m     |[39m                          [31m[1m^[22m[39m
     [90m 107 |[39m   }
     [90m 108 |[39m   
     [90m 109 |[39m   console[33m.[39mwarn [33m=[39m ([33m...[39margs) [33m=>[39m {[0m

      at console.call [as error] (jest.setup.js:106:26)
      at Object.error (src/lib/errorHandler.ts:31:13)
      at error (src/lib/errorHandler.ts:109:10)
      at Object.<anonymous> (tests/unit/errorHandler.test.ts:101:36)

    console.error
      [ERROR] API Error occurred {
        error: 'Unique constraint failed',
        stack: 'PrismaClientKnownRequestError: Unique constraint failed\n' +
          '    at Object.<anonymous> (C:\\Users\\ihanl\\OneDrive\\Desktop\\Parttime-work\\Ekaloka\\
tests\\unit\\errorHandler.test.ts:108:21)\n' +
          '    at Promise.then.completed (C:\\Users\\ihanl\\OneDrive\\Desktop\\Parttime-work\\Ekalo
ka\\node_modules\\jest-circus\\build\\utils.js:298:28)\n' +
          '    at new Promise (<anonymous>)\n' +
          '    at callAsyncCircusFn (C:\\Users\\ihanl\\OneDrive\\Desktop\\Parttime-work\\Ekaloka\\n
ode_modules\\jest-circus\\build\\utils.js:231:10)\n' +
          '    at _callCircusTest (C:\\Users\\ihanl\\OneDrive\\Desktop\\Parttime-work\\Ekaloka\\nod
e_modules\\jest-circus\\build\\run.js:316:40)\n' +
          '    at processTicksAndRejections (node:internal/process/task_queues:105:5)\n' +
          '    at _runTest (C:\\Users\\ihanl\\OneDrive\\Desktop\\Parttime-work\\Ekaloka\\node_modul
es\\jest-circus\\build\\run.js:252:3)\n' +
          '    at _runTestsForDescribeBlock (C:\\Users\\ihanl\\OneDrive\\Desktop\\Parttime-work\\Ek
aloka\\node_modules\\jest-circus\\build\\run.js:126:9)\n' +
          '    at _runTestsForDescribeBlock (C:\\Users\\ihanl\\OneDrive\\Desktop\\Parttime-work\\Ek
aloka\\node_modules\\jest-circus\\build\\run.js:121:9)\n' +
          '    at _runTestsForDescribeBlock (C:\\Users\\ihanl\\OneDrive\\Desktop\\Parttime-work\\Ek
aloka\\node_modules\\jest-circus\\build\\run.js:121:9)\n' +
          '    at run (C:\\Users\\ihanl\\OneDrive\\Desktop\\Parttime-work\\Ekaloka\\node_modules\\j
est-circus\\build\\run.js:71:3)\n' +
          '    at runAndTransformResultsToJestFormat (C:\\Users\\ihanl\\OneDrive\\Desktop\\Parttime
-work\\Ekaloka\\node_modules\\jest-circus\\build\\legacy-code-todo-rewrite\\jestAdapterInit.js:122:
21)\n' +
          '    at jestAdapter (C:\\Users\\ihanl\\OneDrive\\Desktop\\Parttime-work\\Ekaloka\\node_mo
dules\\jest-circus\\build\\legacy-code-todo-rewrite\\jestAdapter.js:79:19)\n' +
          '    at runTestInternal (C:\\Users\\ihanl\\OneDrive\\Desktop\\Parttime-work\\Ekaloka\\nod
e_modules\\jest-runner\\build\\runTest.js:367:16)\n' +
          '    at runTest (C:\\Users\\ihanl\\OneDrive\\Desktop\\Parttime-work\\Ekaloka\\node_module
s\\jest-runner\\build\\runTest.js:444:34)\n' +
          '    at Object.worker (C:\\Users\\ihanl\\OneDrive\\Desktop\\Parttime-work\\Ekaloka\\node_
modules\\jest-runner\\build\\testWorker.js:106:12)',
        statusCode: 409,
        code: 'CONFLICT_ERROR',
        path: '/api/test',
        method: 'POST',
        userAgent: 'test-agent',
        ip: '127.0.0.1'
      }

    [0m [90m 104 |[39m       [36mreturn[39m
     [90m 105 |[39m     }
    [31m[1m>[22m[39m[90m 106 |[39m     
originalConsoleError[33m.[39mcall(console[33m,[39m [33m...[39margs)
     [90m     |[39m                          [31m[1m^[22m[39m
     [90m 107 |[39m   }
     [90m 108 |[39m   
     [90m 109 |[39m   console[33m.[39mwarn [33m=[39m ([33m...[39margs) [33m=>[39m {[0m

      at console.call [as error] (jest.setup.js:106:26)
      at Object.error (src/lib/errorHandler.ts:31:13)
      at error (src/lib/errorHandler.ts:109:10)
      at Object.<anonymous> (tests/unit/errorHandler.test.ts:112:36)

    console.error
      [ERROR] API Error occurred {
        error: 'Record not found',
        stack: 'PrismaClientKnownRequestError: Record not found\n' +
          '    at Object.<anonymous> (C:\\Users\\ihanl\\OneDrive\\Desktop\\Parttime-work\\Ekaloka\\
tests\\unit\\errorHandler.test.ts:119:21)\n' +
          '    at Promise.then.completed (C:\\Users\\ihanl\\OneDrive\\Desktop\\Parttime-work\\Ekalo
ka\\node_modules\\jest-circus\\build\\utils.js:298:28)\n' +
          '    at new Promise (<anonymous>)\n' +
          '    at callAsyncCircusFn (C:\\Users\\ihanl\\OneDrive\\Desktop\\Parttime-work\\Ekaloka\\n
ode_modules\\jest-circus\\build\\utils.js:231:10)\n' +
          '    at _callCircusTest (C:\\Users\\ihanl\\OneDrive\\Desktop\\Parttime-work\\Ekaloka\\nod
e_modules\\jest-circus\\build\\run.js:316:40)\n' +
          '    at processTicksAndRejections (node:internal/process/task_queues:105:5)\n' +
          '    at _runTest (C:\\Users\\ihanl\\OneDrive\\Desktop\\Parttime-work\\Ekaloka\\node_modul
es\\jest-circus\\build\\run.js:252:3)\n' +
          '    at _runTestsForDescribeBlock (C:\\Users\\ihanl\\OneDrive\\Desktop\\Parttime-work\\Ek
aloka\\node_modules\\jest-circus\\build\\run.js:126:9)\n' +
          '    at _runTestsForDescribeBlock (C:\\Users\\ihanl\\OneDrive\\Desktop\\Parttime-work\\Ek
aloka\\node_modules\\jest-circus\\build\\run.js:121:9)\n' +
          '    at _runTestsForDescribeBlock (C:\\Users\\ihanl\\OneDrive\\Desktop\\Parttime-work\\Ek
aloka\\node_modules\\jest-circus\\build\\run.js:121:9)\n' +
          '    at run (C:\\Users\\ihanl\\OneDrive\\Desktop\\Parttime-work\\Ekaloka\\node_modules\\j
est-circus\\build\\run.js:71:3)\n' +
          '    at runAndTransformResultsToJestFormat (C:\\Users\\ihanl\\OneDrive\\Desktop\\Parttime
-work\\Ekaloka\\node_modules\\jest-circus\\build\\legacy-code-todo-rewrite\\jestAdapterInit.js:122:
21)\n' +
          '    at jestAdapter (C:\\Users\\ihanl\\OneDrive\\Desktop\\Parttime-work\\Ekaloka\\node_mo
dules\\jest-circus\\build\\legacy-code-todo-rewrite\\jestAdapter.js:79:19)\n' +
          '    at runTestInternal (C:\\Users\\ihanl\\OneDrive\\Desktop\\Parttime-work\\Ekaloka\\nod
e_modules\\jest-runner\\build\\runTest.js:367:16)\n' +
          '    at runTest (C:\\Users\\ihanl\\OneDrive\\Desktop\\Parttime-work\\Ekaloka\\node_module
s\\jest-runner\\build\\runTest.js:444:34)\n' +
          '    at Object.worker (C:\\Users\\ihanl\\OneDrive\\Desktop\\Parttime-work\\Ekaloka\\node_
modules\\jest-runner\\build\\testWorker.js:106:12)',
        statusCode: 404,
        code: 'NOT_FOUND_ERROR',
        path: '/api/test',
        method: 'POST',
        userAgent: 'test-agent',
        ip: '127.0.0.1'
      }

    [0m [90m 104 |[39m       [36mreturn[39m
     [90m 105 |[39m     }
    [31m[1m>[22m[39m[90m 106 |[39m     
originalConsoleError[33m.[39mcall(console[33m,[39m [33m...[39margs)
     [90m     |[39m                          [31m[1m^[22m[39m
     [90m 107 |[39m   }
     [90m 108 |[39m   
     [90m 109 |[39m   console[33m.[39mwarn [33m=[39m ([33m...[39margs) [33m=>[39m {[0m

      at console.call [as error] (jest.setup.js:106:26)
      at Object.error (src/lib/errorHandler.ts:31:13)
      at error (src/lib/errorHandler.ts:109:10)
      at Object.<anonymous> (tests/unit/errorHandler.test.ts:123:36)

    console.error
      [ERROR] API Error occurred {
        error: 'Database connection failed',
        stack: 'PrismaClientKnownRequestError: Database connection failed\n' +
          '    at Object.<anonymous> (C:\\Users\\ihanl\\OneDrive\\Desktop\\Parttime-work\\Ekaloka\\
tests\\unit\\errorHandler.test.ts:130:21)\n' +
          '    at Promise.then.completed (C:\\Users\\ihanl\\OneDrive\\Desktop\\Parttime-work\\Ekalo
ka\\node_modules\\jest-circus\\build\\utils.js:298:28)\n' +
          '    at new Promise (<anonymous>)\n' +
          '    at callAsyncCircusFn (C:\\Users\\ihanl\\OneDrive\\Desktop\\Parttime-work\\Ekaloka\\n
ode_modules\\jest-circus\\build\\utils.js:231:10)\n' +
          '    at _callCircusTest (C:\\Users\\ihanl\\OneDrive\\Desktop\\Parttime-work\\Ekaloka\\nod
e_modules\\jest-circus\\build\\run.js:316:40)\n' +
          '    at processTicksAndRejections (node:internal/process/task_queues:105:5)\n' +
          '    at _runTest (C:\\Users\\ihanl\\OneDrive\\Desktop\\Parttime-work\\Ekaloka\\node_modul
es\\jest-circus\\build\\run.js:252:3)\n' +
          '    at _runTestsForDescribeBlock (C:\\Users\\ihanl\\OneDrive\\Desktop\\Parttime-work\\Ek
aloka\\node_modules\\jest-circus\\build\\run.js:126:9)\n' +
          '    at _runTestsForDescribeBlock (C:\\Users\\ihanl\\OneDrive\\Desktop\\Parttime-work\\Ek
aloka\\node_modules\\jest-circus\\build\\run.js:121:9)\n' +
          '    at _runTestsForDescribeBlock (C:\\Users\\ihanl\\OneDrive\\Desktop\\Parttime-work\\Ek
aloka\\node_modules\\jest-circus\\build\\run.js:121:9)\n' +
          '    at run (C:\\Users\\ihanl\\OneDrive\\Desktop\\Parttime-work\\Ekaloka\\node_modules\\j
est-circus\\build\\run.js:71:3)\n' +
          '    at runAndTransformResultsToJestFormat (C:\\Users\\ihanl\\OneDrive\\Desktop\\Parttime
-work\\Ekaloka\\node_modules\\jest-circus\\build\\legacy-code-todo-rewrite\\jestAdapterInit.js:122:
21)\n' +
          '    at jestAdapter (C:\\Users\\ihanl\\OneDrive\\Desktop\\Parttime-work\\Ekaloka\\node_mo
dules\\jest-circus\\build\\legacy-code-todo-rewrite\\jestAdapter.js:79:19)\n' +
          '    at runTestInternal (C:\\Users\\ihanl\\OneDrive\\Desktop\\Parttime-work\\Ekaloka\\nod
e_modules\\jest-runner\\build\\runTest.js:367:16)\n' +
          '    at runTest (C:\\Users\\ihanl\\OneDrive\\Desktop\\Parttime-work\\Ekaloka\\node_module
s\\jest-runner\\build\\runTest.js:444:34)\n' +
          '    at Object.worker (C:\\Users\\ihanl\\OneDrive\\Desktop\\Parttime-work\\Ekaloka\\node_
modules\\jest-runner\\build\\testWorker.js:106:12)',
        statusCode: 500,
        code: 'DATABASE_ERROR',
        path: '/api/test',
        method: 'POST',
        userAgent: 'test-agent',
        ip: '127.0.0.1'
      }

    [0m [90m 104 |[39m       [36mreturn[39m
     [90m 105 |[39m     }
    [31m[1m>[22m[39m[90m 106 |[39m     
originalConsoleError[33m.[39mcall(console[33m,[39m [33m...[39margs)
     [90m     |[39m                          [31m[1m^[22m[39m
     [90m 107 |[39m   }
     [90m 108 |[39m   
     [90m 109 |[39m   console[33m.[39mwarn [33m=[39m ([33m...[39margs) [33m=>[39m {[0m

      at console.call [as error] (jest.setup.js:106:26)
      at Object.error (src/lib/errorHandler.ts:31:13)
      at error (src/lib/errorHandler.ts:109:10)
      at Object.<anonymous> (tests/unit/errorHandler.test.ts:134:36)

    console.error
      [ERROR] API Error occurred {
        error: 'Unknown error',
        stack: 'Error: Unknown error\n' +
          '    at Object.<anonymous> (C:\\Users\\ihanl\\OneDrive\\Desktop\\Parttime-work\\Ekaloka\\
tests\\unit\\errorHandler.test.ts:141:21)\n' +
          '    at Promise.then.completed (C:\\Users\\ihanl\\OneDrive\\Desktop\\Parttime-work\\Ekalo
ka\\node_modules\\jest-circus\\build\\utils.js:298:28)\n' +
          '    at new Promise (<anonymous>)\n' +
          '    at callAsyncCircusFn (C:\\Users\\ihanl\\OneDrive\\Desktop\\Parttime-work\\Ekaloka\\n
ode_modules\\jest-circus\\build\\utils.js:231:10)\n' +
          '    at _callCircusTest (C:\\Users\\ihanl\\OneDrive\\Desktop\\Parttime-work\\Ekaloka\\nod
e_modules\\jest-circus\\build\\run.js:316:40)\n' +
          '    at processTicksAndRejections (node:internal/process/task_queues:105:5)\n' +
          '    at _runTest (C:\\Users\\ihanl\\OneDrive\\Desktop\\Parttime-work\\Ekaloka\\node_modul
es\\jest-circus\\build\\run.js:252:3)\n' +
          '    at _runTestsForDescribeBlock (C:\\Users\\ihanl\\OneDrive\\Desktop\\Parttime-work\\Ek
aloka\\node_modules\\jest-circus\\build\\run.js:126:9)\n' +
          '    at _runTestsForDescribeBlock (C:\\Users\\ihanl\\OneDrive\\Desktop\\Parttime-work\\Ek
aloka\\node_modules\\jest-circus\\build\\run.js:121:9)\n' +
          '    at _runTestsForDescribeBlock (C:\\Users\\ihanl\\OneDrive\\Desktop\\Parttime-work\\Ek
aloka\\node_modules\\jest-circus\\build\\run.js:121:9)\n' +
          '    at run (C:\\Users\\ihanl\\OneDrive\\Desktop\\Parttime-work\\Ekaloka\\node_modules\\j
est-circus\\build\\run.js:71:3)\n' +
          '    at runAndTransformResultsToJestFormat (C:\\Users\\ihanl\\OneDrive\\Desktop\\Parttime
-work\\Ekaloka\\node_modules\\jest-circus\\build\\legacy-code-todo-rewrite\\jestAdapterInit.js:122:
21)\n' +
          '    at jestAdapter (C:\\Users\\ihanl\\OneDrive\\Desktop\\Parttime-work\\Ekaloka\\node_mo
dules\\jest-circus\\build\\legacy-code-todo-rewrite\\jestAdapter.js:79:19)\n' +
          '    at runTestInternal (C:\\Users\\ihanl\\OneDrive\\Desktop\\Parttime-work\\Ekaloka\\nod
e_modules\\jest-runner\\build\\runTest.js:367:16)\n' +
          '    at runTest (C:\\Users\\ihanl\\OneDrive\\Desktop\\Parttime-work\\Ekaloka\\node_module
s\\jest-runner\\build\\runTest.js:444:34)\n' +
          '    at Object.worker (C:\\Users\\ihanl\\OneDrive\\Desktop\\Parttime-work\\Ekaloka\\node_
modules\\jest-runner\\build\\testWorker.js:106:12)',
        statusCode: 500,
        code: 'INTERNAL_ERROR',
        path: '/api/test',
        method: 'POST',
        userAgent: 'test-agent',
        ip: '127.0.0.1'
      }

    [0m [90m 104 |[39m       [36mreturn[39m
     [90m 105 |[39m     }
    [31m[1m>[22m[39m[90m 106 |[39m     
originalConsoleError[33m.[39mcall(console[33m,[39m [33m...[39margs)
     [90m     |[39m                          [31m[1m^[22m[39m
     [90m 107 |[39m   }
     [90m 108 |[39m   
     [90m 109 |[39m   console[33m.[39mwarn [33m=[39m ([33m...[39margs) [33m=>[39m {[0m

      at console.call [as error] (jest.setup.js:106:26)
      at Object.error (src/lib/errorHandler.ts:31:13)
      at error (src/lib/errorHandler.ts:109:10)
      at Object.<anonymous> (tests/unit/errorHandler.test.ts:143:36)

    console.error
      [ERROR] API Error occurred {
        error: 'Test error',
        stack: 'AppError: Test error\n' +
          '    at Object.<anonymous> (C:\\Users\\ihanl\\OneDrive\\Desktop\\Parttime-work\\Ekaloka\\
tests\\unit\\errorHandler.test.ts:150:21)\n' +
          '    at Promise.then.completed (C:\\Users\\ihanl\\OneDrive\\Desktop\\Parttime-work\\Ekalo
ka\\node_modules\\jest-circus\\build\\utils.js:298:28)\n' +
          '    at new Promise (<anonymous>)\n' +
          '    at callAsyncCircusFn (C:\\Users\\ihanl\\OneDrive\\Desktop\\Parttime-work\\Ekaloka\\n
ode_modules\\jest-circus\\build\\utils.js:231:10)\n' +
          '    at _callCircusTest (C:\\Users\\ihanl\\OneDrive\\Desktop\\Parttime-work\\Ekaloka\\nod
e_modules\\jest-circus\\build\\run.js:316:40)\n' +
          '    at processTicksAndRejections (node:internal/process/task_queues:105:5)\n' +
          '    at _runTest (C:\\Users\\ihanl\\OneDrive\\Desktop\\Parttime-work\\Ekaloka\\node_modul
es\\jest-circus\\build\\run.js:252:3)\n' +
          '    at _runTestsForDescribeBlock (C:\\Users\\ihanl\\OneDrive\\Desktop\\Parttime-work\\Ek
aloka\\node_modules\\jest-circus\\build\\run.js:126:9)\n' +
          '    at _runTestsForDescribeBlock (C:\\Users\\ihanl\\OneDrive\\Desktop\\Parttime-work\\Ek
aloka\\node_modules\\jest-circus\\build\\run.js:121:9)\n' +
          '    at _runTestsForDescribeBlock (C:\\Users\\ihanl\\OneDrive\\Desktop\\Parttime-work\\Ek
aloka\\node_modules\\jest-circus\\build\\run.js:121:9)\n' +
          '    at run (C:\\Users\\ihanl\\OneDrive\\Desktop\\Parttime-work\\Ekaloka\\node_modules\\j
est-circus\\build\\run.js:71:3)\n' +
          '    at runAndTransformResultsToJestFormat (C:\\Users\\ihanl\\OneDrive\\Desktop\\Parttime
-work\\Ekaloka\\node_modules\\jest-circus\\build\\legacy-code-todo-rewrite\\jestAdapterInit.js:122:
21)\n' +
          '    at jestAdapter (C:\\Users\\ihanl\\OneDrive\\Desktop\\Parttime-work\\Ekaloka\\node_mo
dules\\jest-circus\\build\\legacy-code-todo-rewrite\\jestAdapter.js:79:19)\n' +
          '    at runTestInternal (C:\\Users\\ihanl\\OneDrive\\Desktop\\Parttime-work\\Ekaloka\\nod
e_modules\\jest-runner\\build\\runTest.js:367:16)\n' +
          '    at runTest (C:\\Users\\ihanl\\OneDrive\\Desktop\\Parttime-work\\Ekaloka\\node_module
s\\jest-runner\\build\\runTest.js:444:34)\n' +
          '    at Object.worker (C:\\Users\\ihanl\\OneDrive\\Desktop\\Parttime-work\\Ekaloka\\node_
modules\\jest-runner\\build\\testWorker.js:106:12)',
        statusCode: 500,
        code: undefined,
        path: '/api/test',
        method: 'POST',
        userAgent: 'test-agent',
        ip: '127.0.0.1'
      }

    [0m [90m 104 |[39m       [36mreturn[39m
     [90m 105 |[39m     }
    [31m[1m>[22m[39m[90m 106 |[39m     
originalConsoleError[33m.[39mcall(console[33m,[39m [33m...[39margs)
     [90m     |[39m                          [31m[1m^[22m[39m
     [90m 107 |[39m   }
     [90m 108 |[39m   
     [90m 109 |[39m   console[33m.[39mwarn [33m=[39m ([33m...[39margs) [33m=>[39m {[0m

      at console.call [as error] (jest.setup.js:106:26)
      at Object.error (src/lib/errorHandler.ts:31:13)
      at error (src/lib/errorHandler.ts:109:10)
      at Object.<anonymous> (tests/unit/errorHandler.test.ts:151:36)

    console.error
      [ERROR] API Error occurred {
        error: 'Test error',
        stack: 'AppError: Test error\n' +
          '    at Object.<anonymous> (C:\\Users\\ihanl\\OneDrive\\Desktop\\Parttime-work\\Ekaloka\\
tests\\unit\\errorHandler.test.ts:158:21)\n' +
          '    at Promise.then.completed (C:\\Users\\ihanl\\OneDrive\\Desktop\\Parttime-work\\Ekalo
ka\\node_modules\\jest-circus\\build\\utils.js:298:28)\n' +
          '    at new Promise (<anonymous>)\n' +
          '    at callAsyncCircusFn (C:\\Users\\ihanl\\OneDrive\\Desktop\\Parttime-work\\Ekaloka\\n
ode_modules\\jest-circus\\build\\utils.js:231:10)\n' +
          '    at _callCircusTest (C:\\Users\\ihanl\\OneDrive\\Desktop\\Parttime-work\\Ekaloka\\nod
e_modules\\jest-circus\\build\\run.js:316:40)\n' +
          '    at processTicksAndRejections (node:internal/process/task_queues:105:5)\n' +
          '    at _runTest (C:\\Users\\ihanl\\OneDrive\\Desktop\\Parttime-work\\Ekaloka\\node_modul
es\\jest-circus\\build\\run.js:252:3)\n' +
          '    at _runTestsForDescribeBlock (C:\\Users\\ihanl\\OneDrive\\Desktop\\Parttime-work\\Ek
aloka\\node_modules\\jest-circus\\build\\run.js:126:9)\n' +
          '    at _runTestsForDescribeBlock (C:\\Users\\ihanl\\OneDrive\\Desktop\\Parttime-work\\Ek
aloka\\node_modules\\jest-circus\\build\\run.js:121:9)\n' +
          '    at _runTestsForDescribeBlock (C:\\Users\\ihanl\\OneDrive\\Desktop\\Parttime-work\\Ek
aloka\\node_modules\\jest-circus\\build\\run.js:121:9)\n' +
          '    at run (C:\\Users\\ihanl\\OneDrive\\Desktop\\Parttime-work\\Ekaloka\\node_modules\\j
est-circus\\build\\run.js:71:3)\n' +
          '    at runAndTransformResultsToJestFormat (C:\\Users\\ihanl\\OneDrive\\Desktop\\Parttime
-work\\Ekaloka\\node_modules\\jest-circus\\build\\legacy-code-todo-rewrite\\jestAdapterInit.js:122:
21)\n' +
          '    at jestAdapter (C:\\Users\\ihanl\\OneDrive\\Desktop\\Parttime-work\\Ekaloka\\node_mo
dules\\jest-circus\\build\\legacy-code-todo-rewrite\\jestAdapter.js:79:19)\n' +
          '    at runTestInternal (C:\\Users\\ihanl\\OneDrive\\Desktop\\Parttime-work\\Ekaloka\\nod
e_modules\\jest-runner\\build\\runTest.js:367:16)\n' +
          '    at runTest (C:\\Users\\ihanl\\OneDrive\\Desktop\\Parttime-work\\Ekaloka\\node_module
s\\jest-runner\\build\\runTest.js:444:34)\n' +
          '    at Object.worker (C:\\Users\\ihanl\\OneDrive\\Desktop\\Parttime-work\\Ekaloka\\node_
modules\\jest-runner\\build\\testWorker.js:106:12)',
        statusCode: 500,
        code: undefined,
        path: undefined,
        method: undefined,
        userAgent: undefined,
        ip: undefined
      }

    [0m [90m 104 |[39m       [36mreturn[39m
     [90m 105 |[39m     }
    [31m[1m>[22m[39m[90m 106 |[39m     
originalConsoleError[33m.[39mcall(console[33m,[39m [33m...[39margs)
     [90m     |[39m                          [31m[1m^[22m[39m
     [90m 107 |[39m   }
     [90m 108 |[39m   
     [90m 109 |[39m   console[33m.[39mwarn [33m=[39m ([33m...[39margs) [33m=>[39m {[0m

      at console.call [as error] (jest.setup.js:106:26)
      at Object.error (src/lib/errorHandler.ts:31:13)
      at error (src/lib/errorHandler.ts:109:10)
      at Object.<anonymous> (tests/unit/errorHandler.test.ts:159:36)

    console.error
      [ERROR] API Error occurred {
        error: 'Invalid input',
        stack: 'ValidationError: Invalid input\n' +
          '    at new ValidationError 
(C:\\Users\\ihanl\\OneDrive\\Desktop\\Parttime-work\\Ekaloka\\src\\types\\errors.ts:49:5)\n' +
          '    at Object.<anonymous> (C:\\Users\\ihanl\\OneDrive\\Desktop\\Parttime-work\\Ekaloka\\
tests\\unit\\errorHandler.test.ts:168:21)\n' +
          '    at Promise.then.completed (C:\\Users\\ihanl\\OneDrive\\Desktop\\Parttime-work\\Ekalo
ka\\node_modules\\jest-circus\\build\\utils.js:298:28)\n' +
          '    at new Promise (<anonymous>)\n' +
          '    at callAsyncCircusFn (C:\\Users\\ihanl\\OneDrive\\Desktop\\Parttime-work\\Ekaloka\\n
ode_modules\\jest-circus\\build\\utils.js:231:10)\n' +
          '    at _callCircusTest (C:\\Users\\ihanl\\OneDrive\\Desktop\\Parttime-work\\Ekaloka\\nod
e_modules\\jest-circus\\build\\run.js:316:40)\n' +
          '    at processTicksAndRejections (node:internal/process/task_queues:105:5)\n' +
          '    at _runTest (C:\\Users\\ihanl\\OneDrive\\Desktop\\Parttime-work\\Ekaloka\\node_modul
es\\jest-circus\\build\\run.js:252:3)\n' +
          '    at _runTestsForDescribeBlock (C:\\Users\\ihanl\\OneDrive\\Desktop\\Parttime-work\\Ek
aloka\\node_modules\\jest-circus\\build\\run.js:126:9)\n' +
          '    at _runTestsForDescribeBlock (C:\\Users\\ihanl\\OneDrive\\Desktop\\Parttime-work\\Ek
aloka\\node_modules\\jest-circus\\build\\run.js:121:9)\n' +
          '    at _runTestsForDescribeBlock (C:\\Users\\ihanl\\OneDrive\\Desktop\\Parttime-work\\Ek
aloka\\node_modules\\jest-circus\\build\\run.js:121:9)\n' +
          '    at run (C:\\Users\\ihanl\\OneDrive\\Desktop\\Parttime-work\\Ekaloka\\node_modules\\j
est-circus\\build\\run.js:71:3)\n' +
          '    at runAndTransformResultsToJestFormat (C:\\Users\\ihanl\\OneDrive\\Desktop\\Parttime
-work\\Ekaloka\\node_modules\\jest-circus\\build\\legacy-code-todo-rewrite\\jestAdapterInit.js:122:
21)\n' +
          '    at jestAdapter (C:\\Users\\ihanl\\OneDrive\\Desktop\\Parttime-work\\Ekaloka\\node_mo
dules\\jest-circus\\build\\legacy-code-todo-rewrite\\jestAdapter.js:79:19)\n' +
          '    at runTestInternal (C:\\Users\\ihanl\\OneDrive\\Desktop\\Parttime-work\\Ekaloka\\nod
e_modules\\jest-runner\\build\\runTest.js:367:16)\n' +
          '    at runTest (C:\\Users\\ihanl\\OneDrive\\Desktop\\Parttime-work\\Ekaloka\\node_module
s\\jest-runner\\build\\runTest.js:444:34)\n' +
          '    at Object.worker (C:\\Users\\ihanl\\OneDrive\\Desktop\\Parttime-work\\Ekaloka\\node_
modules\\jest-runner\\build\\testWorker.js:106:12)',
        statusCode: 400,
        code: 'VALIDATION_ERROR',
        path: '/api/test',
        method: 'POST',
        userAgent: 'test-agent',
        ip: '127.0.0.1'
      }

    [0m [90m 104 |[39m       [36mreturn[39m
     [90m 105 |[39m     }
    [31m[1m>[22m[39m[90m 106 |[39m     
originalConsoleError[33m.[39mcall(console[33m,[39m [33m...[39margs)
     [90m     |[39m                          [31m[1m^[22m[39m
     [90m 107 |[39m   }
     [90m 108 |[39m   
     [90m 109 |[39m   console[33m.[39mwarn [33m=[39m ([33m...[39margs) [33m=>[39m {[0m

      at console.call [as error] (jest.setup.js:106:26)
      at Object.error (src/lib/errorHandler.ts:31:13)
      at error (src/lib/errorHandler.ts:109:10)
      at handleApiError (src/lib/errorHandler.ts:139:25)
      at Object.<anonymous> (tests/unit/errorHandler.test.ts:170:24)

    console.error
      [ERROR] API Error occurred {
        error: 'Test error',
        stack: 'AppError: Test error\n' +
          '    at Object.<anonymous> (C:\\Users\\ihanl\\OneDrive\\Desktop\\Parttime-work\\Ekaloka\\
tests\\unit\\errorHandler.test.ts:186:21)\n' +
          '    at Promise.then.completed (C:\\Users\\ihanl\\OneDrive\\Desktop\\Parttime-work\\Ekalo
ka\\node_modules\\jest-circus\\build\\utils.js:298:28)\n' +
          '    at new Promise (<anonymous>)\n' +
          '    at callAsyncCircusFn (C:\\Users\\ihanl\\OneDrive\\Desktop\\Parttime-work\\Ekaloka\\n
ode_modules\\jest-circus\\build\\utils.js:231:10)\n' +
          '    at _callCircusTest (C:\\Users\\ihanl\\OneDrive\\Desktop\\Parttime-work\\Ekaloka\\nod
e_modules\\jest-circus\\build\\run.js:316:40)\n' +
          '    at processTicksAndRejections (node:internal/process/task_queues:105:5)\n' +
          '    at _runTest (C:\\Users\\ihanl\\OneDrive\\Desktop\\Parttime-work\\Ekaloka\\node_modul
es\\jest-circus\\build\\run.js:252:3)\n' +
          '    at _runTestsForDescribeBlock (C:\\Users\\ihanl\\OneDrive\\Desktop\\Parttime-work\\Ek
aloka\\node_modules\\jest-circus\\build\\run.js:126:9)\n' +
          '    at _runTestsForDescribeBlock (C:\\Users\\ihanl\\OneDrive\\Desktop\\Parttime-work\\Ek
aloka\\node_modules\\jest-circus\\build\\run.js:121:9)\n' +
          '    at _runTestsForDescribeBlock (C:\\Users\\ihanl\\OneDrive\\Desktop\\Parttime-work\\Ek
aloka\\node_modules\\jest-circus\\build\\run.js:121:9)\n' +
          '    at run (C:\\Users\\ihanl\\OneDrive\\Desktop\\Parttime-work\\Ekaloka\\node_modules\\j
est-circus\\build\\run.js:71:3)\n' +
          '    at runAndTransformResultsToJestFormat (C:\\Users\\ihanl\\OneDrive\\Desktop\\Parttime
-work\\Ekaloka\\node_modules\\jest-circus\\build\\legacy-code-todo-rewrite\\jestAdapterInit.js:122:
21)\n' +
          '    at jestAdapter (C:\\Users\\ihanl\\OneDrive\\Desktop\\Parttime-work\\Ekaloka\\node_mo
dules\\jest-circus\\build\\legacy-code-todo-rewrite\\jestAdapter.js:79:19)\n' +
          '    at runTestInternal (C:\\Users\\ihanl\\OneDrive\\Desktop\\Parttime-work\\Ekaloka\\nod
e_modules\\jest-runner\\build\\runTest.js:367:16)\n' +
          '    at runTest (C:\\Users\\ihanl\\OneDrive\\Desktop\\Parttime-work\\Ekaloka\\node_module
s\\jest-runner\\build\\runTest.js:444:34)\n' +
          '    at Object.worker (C:\\Users\\ihanl\\OneDrive\\Desktop\\Parttime-work\\Ekaloka\\node_
modules\\jest-runner\\build\\testWorker.js:106:12)',
        statusCode: 500,
        code: undefined,
        path: undefined,
        method: undefined,
        userAgent: undefined,
        ip: undefined
      }

    [0m [90m 104 |[39m       [36mreturn[39m
     [90m 105 |[39m     }
    [31m[1m>[22m[39m[90m 106 |[39m     
originalConsoleError[33m.[39mcall(console[33m,[39m [33m...[39margs)
     [90m     |[39m                          [31m[1m^[22m[39m
     [90m 107 |[39m   }
     [90m 108 |[39m   
     [90m 109 |[39m   console[33m.[39mwarn [33m=[39m ([33m...[39margs) [33m=>[39m {[0m

      at console.call [as error] (jest.setup.js:106:26)
      at Object.error (src/lib/errorHandler.ts:31:13)
      at error (src/lib/errorHandler.ts:109:10)
      at handleApiError (src/lib/errorHandler.ts:139:25)
      at Object.<anonymous> (tests/unit/errorHandler.test.ts:188:24)

    console.error
      [ERROR] API Error occurred {
        error: 'Test error',
        stack: 'ValidationError: Test error\n' +
          '    at new ValidationError 
(C:\\Users\\ihanl\\OneDrive\\Desktop\\Parttime-work\\Ekaloka\\src\\types\\errors.ts:49:5)\n' +
          '    at Object.<anonymous> (C:\\Users\\ihanl\\OneDrive\\Desktop\\Parttime-work\\Ekaloka\\
tests\\unit\\errorHandler.test.ts:306:21)\n' +
          '    at Promise.then.completed (C:\\Users\\ihanl\\OneDrive\\Desktop\\Parttime-work\\Ekalo
ka\\node_modules\\jest-circus\\build\\utils.js:298:28)\n' +
          '    at new Promise (<anonymous>)\n' +
          '    at callAsyncCircusFn (C:\\Users\\ihanl\\OneDrive\\Desktop\\Parttime-work\\Ekaloka\\n
ode_modules\\jest-circus\\build\\utils.js:231:10)\n' +
          '    at _callCircusTest (C:\\Users\\ihanl\\OneDrive\\Desktop\\Parttime-work\\Ekaloka\\nod
e_modules\\jest-circus\\build\\run.js:316:40)\n' +
          '    at processTicksAndRejections (node:internal/process/task_queues:105:5)\n' +
          '    at _runTest (C:\\Users\\ihanl\\OneDrive\\Desktop\\Parttime-work\\Ekaloka\\node_modul
es\\jest-circus\\build\\run.js:252:3)\n' +
          '    at _runTestsForDescribeBlock (C:\\Users\\ihanl\\OneDrive\\Desktop\\Parttime-work\\Ek
aloka\\node_modules\\jest-circus\\build\\run.js:126:9)\n' +
          '    at _runTestsForDescribeBlock (C:\\Users\\ihanl\\OneDrive\\Desktop\\Parttime-work\\Ek
aloka\\node_modules\\jest-circus\\build\\run.js:121:9)\n' +
          '    at _runTestsForDescribeBlock (C:\\Users\\ihanl\\OneDrive\\Desktop\\Parttime-work\\Ek
aloka\\node_modules\\jest-circus\\build\\run.js:121:9)\n' +
          '    at run (C:\\Users\\ihanl\\OneDrive\\Desktop\\Parttime-work\\Ekaloka\\node_modules\\j
est-circus\\build\\run.js:71:3)\n' +
          '    at runAndTransformResultsToJestFormat (C:\\Users\\ihanl\\OneDrive\\Desktop\\Parttime
-work\\Ekaloka\\node_modules\\jest-circus\\build\\legacy-code-todo-rewrite\\jestAdapterInit.js:122:
21)\n' +
          '    at jestAdapter (C:\\Users\\ihanl\\OneDrive\\Desktop\\Parttime-work\\Ekaloka\\node_mo
dules\\jest-circus\\build\\legacy-code-todo-rewrite\\jestAdapter.js:79:19)\n' +
          '    at runTestInternal (C:\\Users\\ihanl\\OneDrive\\Desktop\\Parttime-work\\Ekaloka\\nod
e_modules\\jest-runner\\build\\runTest.js:367:16)\n' +
          '    at runTest (C:\\Users\\ihanl\\OneDrive\\Desktop\\Parttime-work\\Ekaloka\\node_module
s\\jest-runner\\build\\runTest.js:444:34)\n' +
          '    at Object.worker (C:\\Users\\ihanl\\OneDrive\\Desktop\\Parttime-work\\Ekaloka\\node_
modules\\jest-runner\\build\\testWorker.js:106:12)',
        statusCode: 400,
        code: 'VALIDATION_ERROR',
        path: '/api/test',
        method: 'POST',
        userAgent: 'test-agent',
        ip: '127.0.0.1'
      }

    [0m [90m 104 |[39m       [36mreturn[39m
     [90m 105 |[39m     }
    [31m[1m>[22m[39m[90m 106 |[39m     
originalConsoleError[33m.[39mcall(console[33m,[39m [33m...[39margs)
     [90m     |[39m                          [31m[1m^[22m[39m
     [90m 107 |[39m   }
     [90m 108 |[39m   
     [90m 109 |[39m   console[33m.[39mwarn [33m=[39m ([33m...[39margs) [33m=>[39m {[0m

      at console.call [as error] (jest.setup.js:106:26)
      at Object.error (src/lib/errorHandler.ts:31:13)
      at error (src/lib/errorHandler.ts:109:10)
      at Object.<anonymous> (tests/unit/errorHandler.test.ts:307:36)

    console.error
      [ERROR] API Error occurred {
        error: 'Invalid email',
        stack: 'ValidationError: Invalid email\n' +
          '    at new ValidationError 
(C:\\Users\\ihanl\\OneDrive\\Desktop\\Parttime-work\\Ekaloka\\src\\types\\errors.ts:49:5)\n' +
          '    at Object.<anonymous> (C:\\Users\\ihanl\\OneDrive\\Desktop\\Parttime-work\\Ekaloka\\
tests\\unit\\errorHandler.test.ts:320:21)\n' +
          '    at Promise.then.completed (C:\\Users\\ihanl\\OneDrive\\Desktop\\Parttime-work\\Ekalo
ka\\node_modules\\jest-circus\\build\\utils.js:298:28)\n' +
          '    at new Promise (<anonymous>)\n' +
          '    at callAsyncCircusFn (C:\\Users\\ihanl\\OneDrive\\Desktop\\Parttime-work\\Ekaloka\\n
ode_modules\\jest-circus\\build\\utils.js:231:10)\n' +
          '    at _callCircusTest (C:\\Users\\ihanl\\OneDrive\\Desktop\\Parttime-work\\Ekaloka\\nod
e_modules\\jest-circus\\build\\run.js:316:40)\n' +
          '    at processTicksAndRejections (node:internal/process/task_queues:105:5)\n' +
          '    at _runTest (C:\\Users\\ihanl\\OneDrive\\Desktop\\Parttime-work\\Ekaloka\\node_modul
es\\jest-circus\\build\\run.js:252:3)\n' +
          '    at _runTestsForDescribeBlock (C:\\Users\\ihanl\\OneDrive\\Desktop\\Parttime-work\\Ek
aloka\\node_modules\\jest-circus\\build\\run.js:126:9)\n' +
          '    at _runTestsForDescribeBlock (C:\\Users\\ihanl\\OneDrive\\Desktop\\Parttime-work\\Ek
aloka\\node_modules\\jest-circus\\build\\run.js:121:9)\n' +
          '    at _runTestsForDescribeBlock (C:\\Users\\ihanl\\OneDrive\\Desktop\\Parttime-work\\Ek
aloka\\node_modules\\jest-circus\\build\\run.js:121:9)\n' +
          '    at run (C:\\Users\\ihanl\\OneDrive\\Desktop\\Parttime-work\\Ekaloka\\node_modules\\j
est-circus\\build\\run.js:71:3)\n' +
          '    at runAndTransformResultsToJestFormat (C:\\Users\\ihanl\\OneDrive\\Desktop\\Parttime
-work\\Ekaloka\\node_modules\\jest-circus\\build\\legacy-code-todo-rewrite\\jestAdapterInit.js:122:
21)\n' +
          '    at jestAdapter (C:\\Users\\ihanl\\OneDrive\\Desktop\\Parttime-work\\Ekaloka\\node_mo
dules\\jest-circus\\build\\legacy-code-todo-rewrite\\jestAdapter.js:79:19)\n' +
          '    at runTestInternal (C:\\Users\\ihanl\\OneDrive\\Desktop\\Parttime-work\\Ekaloka\\nod
e_modules\\jest-runner\\build\\runTest.js:367:16)\n' +
          '    at runTest (C:\\Users\\ihanl\\OneDrive\\Desktop\\Parttime-work\\Ekaloka\\node_module
s\\jest-runner\\build\\runTest.js:444:34)\n' +
          '    at Object.worker (C:\\Users\\ihanl\\OneDrive\\Desktop\\Parttime-work\\Ekaloka\\node_
modules\\jest-runner\\build\\testWorker.js:106:12)',
        statusCode: 400,
        code: 'VALIDATION_ERROR',
        path: '/api/test',
        method: 'POST',
        userAgent: 'test-agent',
        ip: '127.0.0.1'
      }

    [0m [90m 104 |[39m       [36mreturn[39m
     [90m 105 |[39m     }
    [31m[1m>[22m[39m[90m 106 |[39m     
originalConsoleError[33m.[39mcall(console[33m,[39m [33m...[39margs)
     [90m     |[39m                          [31m[1m^[22m[39m
     [90m 107 |[39m   }
     [90m 108 |[39m   
     [90m 109 |[39m   console[33m.[39mwarn [33m=[39m ([33m...[39margs) [33m=>[39m {[0m

      at console.call [as error] (jest.setup.js:106:26)
      at Object.error (src/lib/errorHandler.ts:31:13)
      at error (src/lib/errorHandler.ts:109:10)
      at Object.<anonymous> (tests/unit/errorHandler.test.ts:321:36)

    console.error
      [ERROR] API Error occurred {
        error: 'Invalid token',
        stack: 'AuthenticationError: Invalid token\n' +
          '    at new AuthenticationError 
(C:\\Users\\ihanl\\OneDrive\\Desktop\\Parttime-work\\Ekaloka\\src\\types\\errors.ts:67:5)\n' +
          '    at Object.<anonymous> (C:\\Users\\ihanl\\OneDrive\\Desktop\\Parttime-work\\Ekaloka\\
tests\\unit\\errorHandler.test.ts:328:21)\n' +
          '    at Promise.then.completed (C:\\Users\\ihanl\\OneDrive\\Desktop\\Parttime-work\\Ekalo
ka\\node_modules\\jest-circus\\build\\utils.js:298:28)\n' +
          '    at new Promise (<anonymous>)\n' +
          '    at callAsyncCircusFn (C:\\Users\\ihanl\\OneDrive\\Desktop\\Parttime-work\\Ekaloka\\n
ode_modules\\jest-circus\\build\\utils.js:231:10)\n' +
          '    at _callCircusTest (C:\\Users\\ihanl\\OneDrive\\Desktop\\Parttime-work\\Ekaloka\\nod
e_modules\\jest-circus\\build\\run.js:316:40)\n' +
          '    at processTicksAndRejections (node:internal/process/task_queues:105:5)\n' +
          '    at _runTest (C:\\Users\\ihanl\\OneDrive\\Desktop\\Parttime-work\\Ekaloka\\node_modul
es\\jest-circus\\build\\run.js:252:3)\n' +
          '    at _runTestsForDescribeBlock (C:\\Users\\ihanl\\OneDrive\\Desktop\\Parttime-work\\Ek
aloka\\node_modules\\jest-circus\\build\\run.js:126:9)\n' +
          '    at _runTestsForDescribeBlock (C:\\Users\\ihanl\\OneDrive\\Desktop\\Parttime-work\\Ek
aloka\\node_modules\\jest-circus\\build\\run.js:121:9)\n' +
          '    at _runTestsForDescribeBlock (C:\\Users\\ihanl\\OneDrive\\Desktop\\Parttime-work\\Ek
aloka\\node_modules\\jest-circus\\build\\run.js:121:9)\n' +
          '    at run (C:\\Users\\ihanl\\OneDrive\\Desktop\\Parttime-work\\Ekaloka\\node_modules\\j
est-circus\\build\\run.js:71:3)\n' +
          '    at runAndTransformResultsToJestFormat (C:\\Users\\ihanl\\OneDrive\\Desktop\\Parttime
-work\\Ekaloka\\node_modules\\jest-circus\\build\\legacy-code-todo-rewrite\\jestAdapterInit.js:122:
21)\n' +
          '    at jestAdapter (C:\\Users\\ihanl\\OneDrive\\Desktop\\Parttime-work\\Ekaloka\\node_mo
dules\\jest-circus\\build\\legacy-code-todo-rewrite\\jestAdapter.js:79:19)\n' +
          '    at runTestInternal (C:\\Users\\ihanl\\OneDrive\\Desktop\\Parttime-work\\Ekaloka\\nod
e_modules\\jest-runner\\build\\runTest.js:367:16)\n' +
          '    at runTest (C:\\Users\\ihanl\\OneDrive\\Desktop\\Parttime-work\\Ekaloka\\node_module
s\\jest-runner\\build\\runTest.js:444:34)\n' +
          '    at Object.worker (C:\\Users\\ihanl\\OneDrive\\Desktop\\Parttime-work\\Ekaloka\\node_
modules\\jest-runner\\build\\testWorker.js:106:12)',
        statusCode: 401,
        code: 'AUTHENTICATION_ERROR',
        path: '/api/test',
        method: 'POST',
        userAgent: 'test-agent',
        ip: '127.0.0.1'
      }

    [0m [90m 104 |[39m       [36mreturn[39m
     [90m 105 |[39m     }
    [31m[1m>[22m[39m[90m 106 |[39m     
originalConsoleError[33m.[39mcall(console[33m,[39m [33m...[39margs)
     [90m     |[39m                          [31m[1m^[22m[39m
     [90m 107 |[39m   }
     [90m 108 |[39m   
     [90m 109 |[39m   console[33m.[39mwarn [33m=[39m ([33m...[39margs) [33m=>[39m {[0m

      at console.call [as error] (jest.setup.js:106:26)
      at Object.error (src/lib/errorHandler.ts:31:13)
      at error (src/lib/errorHandler.ts:109:10)
      at Object.<anonymous> (tests/unit/errorHandler.test.ts:329:36)

    console.error
      [ERROR] API Error occurred {
        error: 'Sensitive error message',
        stack: 'Error: Sensitive error message\n' +
          '    at Object.<anonymous> (C:\\Users\\ihanl\\OneDrive\\Desktop\\Parttime-work\\Ekaloka\\
tests\\unit\\errorHandler.test.ts:346:21)\n' +
          '    at Promise.then.completed (C:\\Users\\ihanl\\OneDrive\\Desktop\\Parttime-work\\Ekalo
ka\\node_modules\\jest-circus\\build\\utils.js:298:28)\n' +
          '    at new Promise (<anonymous>)\n' +
          '    at callAsyncCircusFn (C:\\Users\\ihanl\\OneDrive\\Desktop\\Parttime-work\\Ekaloka\\n
ode_modules\\jest-circus\\build\\utils.js:231:10)\n' +
          '    at _callCircusTest (C:\\Users\\ihanl\\OneDrive\\Desktop\\Parttime-work\\Ekaloka\\nod
e_modules\\jest-circus\\build\\run.js:316:40)\n' +
          '    at processTicksAndRejections (node:internal/process/task_queues:105:5)\n' +
          '    at _runTest (C:\\Users\\ihanl\\OneDrive\\Desktop\\Parttime-work\\Ekaloka\\node_modul
es\\jest-circus\\build\\run.js:252:3)\n' +
          '    at _runTestsForDescribeBlock (C:\\Users\\ihanl\\OneDrive\\Desktop\\Parttime-work\\Ek
aloka\\node_modules\\jest-circus\\build\\run.js:126:9)\n' +
          '    at _runTestsForDescribeBlock (C:\\Users\\ihanl\\OneDrive\\Desktop\\Parttime-work\\Ek
aloka\\node_modules\\jest-circus\\build\\run.js:121:9)\n' +
          '    at _runTestsForDescribeBlock (C:\\Users\\ihanl\\OneDrive\\Desktop\\Parttime-work\\Ek
aloka\\node_modules\\jest-circus\\build\\run.js:121:9)\n' +
          '    at run (C:\\Users\\ihanl\\OneDrive\\Desktop\\Parttime-work\\Ekaloka\\node_modules\\j
est-circus\\build\\run.js:71:3)\n' +
          '    at runAndTransformResultsToJestFormat (C:\\Users\\ihanl\\OneDrive\\Desktop\\Parttime
-work\\Ekaloka\\node_modules\\jest-circus\\build\\legacy-code-todo-rewrite\\jestAdapterInit.js:122:
21)\n' +
          '    at jestAdapter (C:\\Users\\ihanl\\OneDrive\\Desktop\\Parttime-work\\Ekaloka\\node_mo
dules\\jest-circus\\build\\legacy-code-todo-rewrite\\jestAdapter.js:79:19)\n' +
          '    at runTestInternal (C:\\Users\\ihanl\\OneDrive\\Desktop\\Parttime-work\\Ekaloka\\nod
e_modules\\jest-runner\\build\\runTest.js:367:16)\n' +
          '    at runTest (C:\\Users\\ihanl\\OneDrive\\Desktop\\Parttime-work\\Ekaloka\\node_module
s\\jest-runner\\build\\runTest.js:444:34)\n' +
          '    at Object.worker (C:\\Users\\ihanl\\OneDrive\\Desktop\\Parttime-work\\Ekaloka\\node_
modules\\jest-runner\\build\\testWorker.js:106:12)',
        statusCode: 500,
        code: 'INTERNAL_ERROR',
        path: '/api/test',
        method: 'POST',
        userAgent: 'test-agent',
        ip: '127.0.0.1'
      }

    [0m [90m 104 |[39m       [36mreturn[39m
     [90m 105 |[39m     }
    [31m[1m>[22m[39m[90m 106 |[39m     
originalConsoleError[33m.[39mcall(console[33m,[39m [33m...[39margs)
     [90m     |[39m                          [31m[1m^[22m[39m
     [90m 107 |[39m   }
     [90m 108 |[39m   
     [90m 109 |[39m   console[33m.[39mwarn [33m=[39m ([33m...[39margs) [33m=>[39m {[0m

      at console.call [as error] (jest.setup.js:106:26)
      at Object.error (src/lib/errorHandler.ts:31:13)
      at error (src/lib/errorHandler.ts:109:10)
      at Object.<anonymous> (tests/unit/errorHandler.test.ts:347:36)

    console.error
      [ERROR] API Error occurred {
        error: 'Sensitive error message',
        stack: 'Error: Sensitive error message\n' +
          '    at Object.<anonymous> (C:\\Users\\ihanl\\OneDrive\\Desktop\\Parttime-work\\Ekaloka\\
tests\\unit\\errorHandler.test.ts:355:21)\n' +
          '    at Promise.then.completed (C:\\Users\\ihanl\\OneDrive\\Desktop\\Parttime-work\\Ekalo
ka\\node_modules\\jest-circus\\build\\utils.js:298:28)\n' +
          '    at new Promise (<anonymous>)\n' +
          '    at callAsyncCircusFn (C:\\Users\\ihanl\\OneDrive\\Desktop\\Parttime-work\\Ekaloka\\n
ode_modules\\jest-circus\\build\\utils.js:231:10)\n' +
          '    at _callCircusTest (C:\\Users\\ihanl\\OneDrive\\Desktop\\Parttime-work\\Ekaloka\\nod
e_modules\\jest-circus\\build\\run.js:316:40)\n' +
          '    at processTicksAndRejections (node:internal/process/task_queues:105:5)\n' +
          '    at _runTest (C:\\Users\\ihanl\\OneDrive\\Desktop\\Parttime-work\\Ekaloka\\node_modul
es\\jest-circus\\build\\run.js:252:3)\n' +
          '    at _runTestsForDescribeBlock (C:\\Users\\ihanl\\OneDrive\\Desktop\\Parttime-work\\Ek
aloka\\node_modules\\jest-circus\\build\\run.js:126:9)\n' +
          '    at _runTestsForDescribeBlock (C:\\Users\\ihanl\\OneDrive\\Desktop\\Parttime-work\\Ek
aloka\\node_modules\\jest-circus\\build\\run.js:121:9)\n' +
          '    at _runTestsForDescribeBlock (C:\\Users\\ihanl\\OneDrive\\Desktop\\Parttime-work\\Ek
aloka\\node_modules\\jest-circus\\build\\run.js:121:9)\n' +
          '    at run (C:\\Users\\ihanl\\OneDrive\\Desktop\\Parttime-work\\Ekaloka\\node_modules\\j
est-circus\\build\\run.js:71:3)\n' +
          '    at runAndTransformResultsToJestFormat (C:\\Users\\ihanl\\OneDrive\\Desktop\\Parttime
-work\\Ekaloka\\node_modules\\jest-circus\\build\\legacy-code-todo-rewrite\\jestAdapterInit.js:122:
21)\n' +
          '    at jestAdapter (C:\\Users\\ihanl\\OneDrive\\Desktop\\Parttime-work\\Ekaloka\\node_mo
dules\\jest-circus\\build\\legacy-code-todo-rewrite\\jestAdapter.js:79:19)\n' +
          '    at runTestInternal (C:\\Users\\ihanl\\OneDrive\\Desktop\\Parttime-work\\Ekaloka\\nod
e_modules\\jest-runner\\build\\runTest.js:367:16)\n' +
          '    at runTest (C:\\Users\\ihanl\\OneDrive\\Desktop\\Parttime-work\\Ekaloka\\node_module
s\\jest-runner\\build\\runTest.js:444:34)\n' +
          '    at Object.worker (C:\\Users\\ihanl\\OneDrive\\Desktop\\Parttime-work\\Ekaloka\\node_
modules\\jest-runner\\build\\testWorker.js:106:12)',
        statusCode: 500,
        code: 'INTERNAL_ERROR',
        path: '/api/test',
        method: 'POST',
        userAgent: 'test-agent',
        ip: '127.0.0.1'
      }

    [0m [90m 104 |[39m       [36mreturn[39m
     [90m 105 |[39m     }
    [31m[1m>[22m[39m[90m 106 |[39m     
originalConsoleError[33m.[39mcall(console[33m,[39m [33m...[39margs)
     [90m     |[39m                          [31m[1m^[22m[39m
     [90m 107 |[39m   }
     [90m 108 |[39m   
     [90m 109 |[39m   console[33m.[39mwarn [33m=[39m ([33m...[39margs) [33m=>[39m {[0m

      at console.call [as error] (jest.setup.js:106:26)
      at Object.error (src/lib/errorHandler.ts:31:13)
      at error (src/lib/errorHandler.ts:109:10)
      at Object.<anonymous> (tests/unit/errorHandler.test.ts:356:36)

  ΓùÅ Error Handler ΓÇ║ Error Response Structure ΓÇ║ should include field information for 
ValidationError

    expect(received).toBe(expected) // Object.is equality

    Expected: "test"
    Received: undefined

    [0m [90m 322 |[39m       
     [90m 323 |[39m       
expect(result[33m.[39merror[33m.[39mfield)[33m.[39mtoBe([32m'email'[39m)
    [31m[1m>[22m[39m[90m 324 |[39m       expect((result[33m.[39merror [36mas[39m 
any)[33m.[39mvalue)[33m.[39mtoBe([32m'test'[39m)
     [90m     |[39m                                           [31m[1m^[22m[39m
     [90m 325 |[39m     })
     [90m 326 |[39m
     [90m 327 |[39m     it([32m'should not include field information for 
non-ValidationError'[39m[33m,[39m () [33m=>[39m {[0m

      at Object.toBe (tests/unit/errorHandler.test.ts:324:43)

PASS tests/unit/components.test.tsx (7.102 s)
FAIL tests/performance/performance.test.ts (37.336 s)
  ΓùÅ Console

    console.info
      Test duration: 278.59ms

      at Object.info (tests/performance/performance.test.ts:46:13)

    console.info
      Test duration: 262.60ms

      at Object.info (tests/performance/performance.test.ts:46:13)

    console.info
      Test duration: 0.70ms

      at Object.info (tests/performance/performance.test.ts:46:13)

    console.info
      Test duration: 0.53ms

      at Object.info (tests/performance/performance.test.ts:46:13)

    console.info
      Test duration: 3.03ms

      at Object.info (tests/performance/performance.test.ts:46:13)

    console.info
      Test duration: 0.87ms

      at Object.info (tests/performance/performance.test.ts:46:13)

    console.info
      Test duration: 1.35ms

      at Object.info (tests/performance/performance.test.ts:46:13)

    console.info
      Test duration: 0.40ms

      at Object.info (tests/performance/performance.test.ts:46:13)

    console.info
      Test duration: 0.39ms

      at Object.info (tests/performance/performance.test.ts:46:13)

    console.info
      Test duration: 0.27ms

      at Object.info (tests/performance/performance.test.ts:46:13)

    console.info
      Test duration: 0.27ms

      at Object.info (tests/performance/performance.test.ts:46:13)

    console.info
      Test duration: 0.18ms

      at Object.info (tests/performance/performance.test.ts:46:13)

    console.info
      Test duration: 0.73ms

      at Object.info (tests/performance/performance.test.ts:46:13)

    console.info
      Test duration: 0.15ms

      at Object.info (tests/performance/performance.test.ts:46:13)

    console.info
      Test duration: 39.07ms

      at Object.info (tests/performance/performance.test.ts:46:13)

    console.info
      Test duration: 39.64ms

      at Object.info (tests/performance/performance.test.ts:46:13)

    console.info
      Test duration: 26633.62ms

      at Object.info (tests/performance/performance.test.ts:46:13)

    console.info
      Test duration: 2662.02ms

      at Object.info (tests/performance/performance.test.ts:46:13)

    console.info
      Test duration: 13.21ms

      at Object.info (tests/performance/performance.test.ts:46:13)

    console.info
      Test duration: 0.44ms

      at Object.info (tests/performance/performance.test.ts:46:13)

    console.info
      Test duration: 13.97ms

      at Object.info (tests/performance/performance.test.ts:46:13)

  ΓùÅ Performance Tests ΓÇ║ Concurrent Operations Performance ΓÇ║ should handle concurrent 
password hashing efficiently

    expect(received).toBeGreaterThan(expected)

    Expected: > 5
    Received:   3.7603015340676555

    [0m [90m 317 |[39m       
     [90m 318 |[39m       expect(results)[33m.[39mtoHaveLength(concurrentOperations)
    [31m[1m>[22m[39m[90m 319 |[39m       
expect(operationsPerSecond)[33m.[39mtoBeGreaterThan([35m5[39m) [90m// Should handle at least 
5 ops/sec (realistic for bcrypt)[39m
     [90m     |[39m                                   [31m[1m^[22m[39m
     [90m 320 |[39m     }[33m,[39m [35m30000[39m) [90m// 30 second timeout[39m
     [90m 321 |[39m
     [90m 322 |[39m     it([32m'should handle concurrent JWT operations 
efficiently'[39m[33m,[39m () [33m=>[39m {[0m

      at Object.toBeGreaterThan (tests/performance/performance.test.ts:319:35)

Test Suites: 3 failed, 4 passed, 7 total
Tests:       2 failed, 161 passed, 163 total
Snapshots:   0 total
Time:        39.673 s
Ran all test suites.
